// Jest Snapshot v1, https://goo.gl/fbAQLP

exports[`Pruebas al counter app copmponent debe hacer match con el snapshot 1`] = `
<div>
  <h1>
    Counter App
  </h1>
  <h2
    data-testid="test-valor"
  >
    77
  </h2>
  <button>
    +1
  </button>
  <button>
    -1
  </button>
  <button
    aria-label="btn-reset"
  >
    reset
  </button>
</div>
`;
