// Jest Snapshot v1, https://goo.gl/fbAQLP

exports[`pruebas en first app component debe hacer match con el snapshot 1`] = `
<div>
  <h1
    data-testid="test-title"
  >
    Hola soy el titulo
  </h1>
  <p>
    Hola soy el subtitulo
  </p>
  <p />
</div>
`;
